// Jest Snapshot v1, https://goo.gl/fbAQLP

exports[`Button Match snapshot 1`] = `
<button
  className="button"
  onClick={[MockFunction]}
>
  Test
</button>
`;
