// Jest Snapshot v1, https://goo.gl/fbAQLP

exports[`ButtonIconed Match snapshot 1`] = `
<button
  className="button button--iconed"
  onClick={[MockFunction]}
  type="button"
>
  <div />
</button>
`;
